-- The C compiler identification is GNU 13.3.0
-- The CXX compiler identification is GNU 13.3.0
-- Detecting C compiler ABI info
-- Detecting C compiler ABI info - done
-- Check for working C compiler: /usr/bin/cc - skipped
-- Detecting C compile features
-- Detecting C compile features - done
-- Detecting CXX compiler ABI info
-- Detecting CXX compiler ABI info - done
-- Check for working CXX compiler: /usr/bin/c++ - skipped
-- Detecting CXX compile features
-- Detecting CXX compile features - done
-- Found ament_cmake_auto: 2.5.4 (/opt/ros/jazzy/share/ament_cmake_auto/cmake)
-- Found Python3: /usr/bin/python3 (found version "3.12.3") found components: Interpreter 
-- Override CMake install command with custom implementation using symlinks instead of copying resources
-- Found rosidl_generator_c: 4.6.6 (/opt/ros/jazzy/share/rosidl_generator_c/cmake)
-- Found rosidl_generator_cpp: 4.6.6 (/opt/ros/jazzy/share/rosidl_generator_cpp/cmake)
-- Using all available rosidl_typesupport_c: rosidl_typesupport_fastrtps_c;rosidl_typesupport_introspection_c
-- Using all available rosidl_typesupport_cpp: rosidl_typesupport_fastrtps_cpp;rosidl_typesupport_introspection_cpp
-- Found rmw_implementation_cmake: 7.3.2 (/opt/ros/jazzy/share/rmw_implementation_cmake/cmake)
-- Found rmw_fastrtps_cpp: 8.4.3 (/opt/ros/jazzy/share/rmw_fastrtps_cpp/cmake)
-- Found OpenSSL: /usr/lib/x86_64-linux-gnu/libcrypto.so (found version "3.0.13")  
-- Found FastRTPS: /opt/ros/jazzy/include (Required is at least version "2.13") 
-- Using RMW implementation 'rmw_fastrtps_cpp' as default
-- Setting yaml-cpp_DIR to: '/opt/ros/jazzy/share/yaml_cpp_vendor/cmake/../../../opt/yaml_cpp_vendor/share/cmake/yaml-cpp'
-- Found eigen3_cmake_module: 0.3.0 (/opt/ros/jazzy/share/eigen3_cmake_module/cmake)
-- Found Eigen3: TRUE (found version "3.4.0") 
-- Ensuring Eigen3 include directory is part of orocos-kdl CMake target
-- Configuring done (2.7s)
-- Generating done (0.0s)
-- Build files have been written to: /home/michele-zarantonello/BFMC/BRAIN_driveops/luxonis_ws/src/traffic_sign/depthai-ros/build/depthai_ros_driver
[ 11%] [32mBuilding CXX object CMakeFiles/depthai_ros_driver_common.dir/src/dai_nodes/sys_logger.cpp.o[0m
[ 11%] [32mBuilding CXX object CMakeFiles/depthai_ros_driver_common.dir/src/dai_nodes/sensors/img_pub.cpp.o[0m
[ 11%] [32mBuilding CXX object CMakeFiles/depthai_ros_driver_common.dir/src/utils.cpp.o[0m
[ 14%] [32mBuilding CXX object CMakeFiles/depthai_ros_driver_common.dir/src/param_handlers/camera_param_handler.cpp.o[0m
[ 17%] [32mBuilding CXX object CMakeFiles/depthai_ros_driver_common.dir/src/dai_nodes/sensors/sensor_helpers.cpp.o[0m
[ 17%] [32mBuilding CXX object CMakeFiles/depthai_ros_driver_common.dir/src/dai_nodes/base_node.cpp.o[0m
[ 20%] [32mBuilding CXX object CMakeFiles/depthai_ros_driver_common.dir/src/param_handlers/imu_param_handler.cpp.o[0m
[ 20%] Built target ament_cmake_python_symlink_depthai_ros_driver
[ 22%] [32mBuilding CXX object CMakeFiles/depthai_ros_driver_common.dir/src/param_handlers/nn_param_handler.cpp.o[0m
[ 25%] [32mBuilding CXX object CMakeFiles/depthai_ros_driver_common.dir/src/param_handlers/sensor_param_handler.cpp.o[0m
[ 28%] [32mBuilding CXX object CMakeFiles/depthai_ros_driver_common.dir/src/param_handlers/feature_tracker_param_handler.cpp.o[0m
[ 31%] [32mBuilding CXX object CMakeFiles/depthai_ros_driver_common.dir/src/param_handlers/stereo_param_handler.cpp.o[0m
[ 34%] [32mBuilding CXX object CMakeFiles/depthai_ros_driver_common.dir/src/param_handlers/tof_param_handler.cpp.o[0m
running egg_info
creating depthai_ros_driver.egg-info
writing depthai_ros_driver.egg-info/PKG-INFO
writing dependency_links to depthai_ros_driver.egg-info/dependency_links.txt
writing top-level names to depthai_ros_driver.egg-info/top_level.txt
writing manifest file 'depthai_ros_driver.egg-info/SOURCES.txt'
[ 37%] [32mBuilding CXX object CMakeFiles/depthai_ros_driver_common.dir/src/param_handlers/pipeline_gen_param_handler.cpp.o[0m
reading manifest file 'depthai_ros_driver.egg-info/SOURCES.txt'
writing manifest file 'depthai_ros_driver.egg-info/SOURCES.txt'
[ 37%] Built target ament_cmake_python_build_depthai_ros_driver_egg
[ 40%] [32mBuilding CXX object CMakeFiles/depthai_ros_driver_common.dir/src/param_handlers/sync_param_handler.cpp.o[0m
[ 42%] [32m[1mLinking CXX shared library libdepthai_ros_driver_common.so[0m
[ 42%] Built target depthai_ros_driver_common
[ 54%] [32mBuilding CXX object CMakeFiles/depthai_ros_driver_nn_nodes.dir/src/dai_nodes/nn/spatial_nn_wrapper.cpp.o[0m
[ 54%] [32mBuilding CXX object CMakeFiles/depthai_ros_driver_nn_nodes.dir/src/dai_nodes/nn/nn_wrapper.cpp.o[0m
[ 54%] [32mBuilding CXX object CMakeFiles/depthai_ros_driver_sensor_nodes.dir/src/dai_nodes/sensors/imu.cpp.o[0m
[ 54%] [32mBuilding CXX object CMakeFiles/depthai_ros_driver_sensor_nodes.dir/src/dai_nodes/sensors/rgb.cpp.o[0m
[ 60%] [32mBuilding CXX object CMakeFiles/depthai_ros_driver_sensor_nodes.dir/src/dai_nodes/sensors/sensor_wrapper.cpp.o[0m
[ 60%] [32mBuilding CXX object CMakeFiles/depthai_ros_driver_sensor_nodes.dir/src/dai_nodes/sensors/stereo.cpp.o[0m
[ 65%] [32mBuilding CXX object CMakeFiles/depthai_ros_driver_sensor_nodes.dir/src/dai_nodes/sensors/mono.cpp.o[0m
[ 65%] [32mBuilding CXX object CMakeFiles/depthai_ros_driver_sensor_nodes.dir/src/dai_nodes/sensors/feature_tracker.cpp.o[0m
[ 68%] [32mBuilding CXX object CMakeFiles/depthai_ros_driver_nn_nodes.dir/src/dai_nodes/nn/segmentation.cpp.o[0m
[ 71%] [32mBuilding CXX object CMakeFiles/depthai_ros_driver_sensor_nodes.dir/src/dai_nodes/sensors/sync.cpp.o[0m
[ 74%] [32mBuilding CXX object CMakeFiles/depthai_ros_driver_sensor_nodes.dir/src/dai_nodes/sensors/tof.cpp.o[0m
[ 77%] [32m[1mLinking CXX shared library libdepthai_ros_driver_nn_nodes.so[0m
[ 77%] Built target depthai_ros_driver_nn_nodes
[ 80%] [32mBuilding CXX object CMakeFiles/depthai_ros_driver_sensor_nodes.dir/src/dai_nodes/sensors/thermal.cpp.o[0m
[ 82%] [32m[1mLinking CXX shared library libdepthai_ros_driver_sensor_nodes.so[0m
[ 82%] Built target depthai_ros_driver_sensor_nodes
[ 91%] [32mBuilding CXX object CMakeFiles/depthai_ros_driver.dir/src/pipeline/pipeline_generator.cpp.o[0m
[ 91%] [32mBuilding CXX object CMakeFiles/depthai_ros_driver.dir/src/camera.cpp.o[0m
[ 91%] [32mBuilding CXX object CMakeFiles/depthai_ros_driver.dir/src/pipeline/base_types.cpp.o[0m
[ 94%] [32m[1mLinking CXX shared library libdepthai_ros_driver.so[0m
[ 94%] Built target depthai_ros_driver
[ 97%] [32mBuilding CXX object CMakeFiles/camera_node.dir/src/camera_node.cpp.o[0m
[100%] [32m[1mLinking CXX executable camera_node[0m
[100%] Built target camera_node
-- Install configuration: ""
-- Execute custom install script
-- Symlinking: /home/michele-zarantonello/BFMC/BRAIN_driveops/luxonis_ws/src/traffic_sign/depthai-ros/install/depthai_ros_driver/share/depthai_ros_driver//plugins.xml
-- Symlinking: /home/michele-zarantonello/BFMC/BRAIN_driveops/luxonis_ws/src/traffic_sign/depthai-ros/install/depthai_ros_driver/share/depthai_ros_driver/environment/library_path.sh
-- Symlinking: /home/michele-zarantonello/BFMC/BRAIN_driveops/luxonis_ws/src/traffic_sign/depthai-ros/install/depthai_ros_driver/share/depthai_ros_driver/environment/library_path.dsv
-- Symlinking: /home/michele-zarantonello/BFMC/BRAIN_driveops/luxonis_ws/src/traffic_sign/depthai-ros/install/depthai_ros_driver/share/depthai_ros_driver/launch/calibration.launch.py
-- Symlinking: /home/michele-zarantonello/BFMC/BRAIN_driveops/luxonis_ws/src/traffic_sign/depthai-ros/install/depthai_ros_driver/share/depthai_ros_driver/launch/camera.launch.py
-- Symlinking: /home/michele-zarantonello/BFMC/BRAIN_driveops/luxonis_ws/src/traffic_sign/depthai-ros/install/depthai_ros_driver/share/depthai_ros_driver/launch/camera_as_part_of_a_robot.launch.py
-- Symlinking: /home/michele-zarantonello/BFMC/BRAIN_driveops/luxonis_ws/src/traffic_sign/depthai-ros/install/depthai_ros_driver/share/depthai_ros_driver/launch/example_marker_publish.launch.py
-- Symlinking: /home/michele-zarantonello/BFMC/BRAIN_driveops/luxonis_ws/src/traffic_sign/depthai-ros/install/depthai_ros_driver/share/depthai_ros_driver/launch/example_multicam.launch.py
-- Symlinking: /home/michele-zarantonello/BFMC/BRAIN_driveops/luxonis_ws/src/traffic_sign/depthai-ros/install/depthai_ros_driver/share/depthai_ros_driver/launch/example_segmentation.launch.py
-- Symlinking: /home/michele-zarantonello/BFMC/BRAIN_driveops/luxonis_ws/src/traffic_sign/depthai-ros/install/depthai_ros_driver/share/depthai_ros_driver/launch/oak_t.launch.py
-- Symlinking: /home/michele-zarantonello/BFMC/BRAIN_driveops/luxonis_ws/src/traffic_sign/depthai-ros/install/depthai_ros_driver/share/depthai_ros_driver/launch/pointcloud.launch.py
-- Symlinking: /home/michele-zarantonello/BFMC/BRAIN_driveops/luxonis_ws/src/traffic_sign/depthai-ros/install/depthai_ros_driver/share/depthai_ros_driver/launch/rgbd_pcl.launch.py
-- Symlinking: /home/michele-zarantonello/BFMC/BRAIN_driveops/luxonis_ws/src/traffic_sign/depthai-ros/install/depthai_ros_driver/share/depthai_ros_driver/launch/rtabmap.launch.py
-- Symlinking: /home/michele-zarantonello/BFMC/BRAIN_driveops/luxonis_ws/src/traffic_sign/depthai-ros/install/depthai_ros_driver/share/depthai_ros_driver/launch/sr_poe_rgbd_pcl.launch.py
-- Symlinking: /home/michele-zarantonello/BFMC/BRAIN_driveops/luxonis_ws/src/traffic_sign/depthai-ros/install/depthai_ros_driver/share/depthai_ros_driver/launch/sr_rgbd_pcl.launch.py
-- Symlinking: /home/michele-zarantonello/BFMC/BRAIN_driveops/luxonis_ws/src/traffic_sign/depthai-ros/install/depthai_ros_driver/share/depthai_ros_driver/launch/stereo_from_rosbag.launch.py
-- Symlinking: /home/michele-zarantonello/BFMC/BRAIN_driveops/luxonis_ws/src/traffic_sign/depthai-ros/install/depthai_ros_driver/share/depthai_ros_driver/config/calibration.yaml
-- Symlinking: /home/michele-zarantonello/BFMC/BRAIN_driveops/luxonis_ws/src/traffic_sign/depthai-ros/install/depthai_ros_driver/share/depthai_ros_driver/config/calibration/left.yaml
-- Symlinking: /home/michele-zarantonello/BFMC/BRAIN_driveops/luxonis_ws/src/traffic_sign/depthai-ros/install/depthai_ros_driver/share/depthai_ros_driver/config/calibration/rgb.yaml
-- Symlinking: /home/michele-zarantonello/BFMC/BRAIN_driveops/luxonis_ws/src/traffic_sign/depthai-ros/install/depthai_ros_driver/share/depthai_ros_driver/config/calibration/right.yaml
-- Symlinking: /home/michele-zarantonello/BFMC/BRAIN_driveops/luxonis_ws/src/traffic_sign/depthai-ros/install/depthai_ros_driver/share/depthai_ros_driver/config/camera.yaml
-- Symlinking: /home/michele-zarantonello/BFMC/BRAIN_driveops/luxonis_ws/src/traffic_sign/depthai-ros/install/depthai_ros_driver/share/depthai_ros_driver/config/isaac_vslam.yaml
-- Symlinking: /home/michele-zarantonello/BFMC/BRAIN_driveops/luxonis_ws/src/traffic_sign/depthai-ros/install/depthai_ros_driver/share/depthai_ros_driver/config/low_bandwidth.yaml
-- Symlinking: /home/michele-zarantonello/BFMC/BRAIN_driveops/luxonis_ws/src/traffic_sign/depthai-ros/install/depthai_ros_driver/share/depthai_ros_driver/config/multicam_example.yaml
-- Symlinking: /home/michele-zarantonello/BFMC/BRAIN_driveops/luxonis_ws/src/traffic_sign/depthai-ros/install/depthai_ros_driver/share/depthai_ros_driver/config/nn/mobilenet.json
-- Symlinking: /home/michele-zarantonello/BFMC/BRAIN_driveops/luxonis_ws/src/traffic_sign/depthai-ros/install/depthai_ros_driver/share/depthai_ros_driver/config/nn/segmentation.json
-- Symlinking: /home/michele-zarantonello/BFMC/BRAIN_driveops/luxonis_ws/src/traffic_sign/depthai-ros/install/depthai_ros_driver/share/depthai_ros_driver/config/nn/yolo.json
-- Symlinking: /home/michele-zarantonello/BFMC/BRAIN_driveops/luxonis_ws/src/traffic_sign/depthai-ros/install/depthai_ros_driver/share/depthai_ros_driver/config/oak_d_pro_w.yaml
-- Symlinking: /home/michele-zarantonello/BFMC/BRAIN_driveops/luxonis_ws/src/traffic_sign/depthai-ros/install/depthai_ros_driver/share/depthai_ros_driver/config/oak_d_sr.yaml
-- Symlinking: /home/michele-zarantonello/BFMC/BRAIN_driveops/luxonis_ws/src/traffic_sign/depthai-ros/install/depthai_ros_driver/share/depthai_ros_driver/config/oak_t.yaml
-- Symlinking: /home/michele-zarantonello/BFMC/BRAIN_driveops/luxonis_ws/src/traffic_sign/depthai-ros/install/depthai_ros_driver/share/depthai_ros_driver/config/pcl.yaml
-- Symlinking: /home/michele-zarantonello/BFMC/BRAIN_driveops/luxonis_ws/src/traffic_sign/depthai-ros/install/depthai_ros_driver/share/depthai_ros_driver/config/rgbd.yaml
-- Symlinking: /home/michele-zarantonello/BFMC/BRAIN_driveops/luxonis_ws/src/traffic_sign/depthai-ros/install/depthai_ros_driver/share/depthai_ros_driver/config/rviz/multicam.rviz
-- Symlinking: /home/michele-zarantonello/BFMC/BRAIN_driveops/luxonis_ws/src/traffic_sign/depthai-ros/install/depthai_ros_driver/share/depthai_ros_driver/config/rviz/rgbd.rviz
-- Symlinking: /home/michele-zarantonello/BFMC/BRAIN_driveops/luxonis_ws/src/traffic_sign/depthai-ros/install/depthai_ros_driver/share/depthai_ros_driver/config/rviz/segmentation.rviz
-- Symlinking: /home/michele-zarantonello/BFMC/BRAIN_driveops/luxonis_ws/src/traffic_sign/depthai-ros/install/depthai_ros_driver/share/depthai_ros_driver/config/segmentation.yaml
-- Symlinking: /home/michele-zarantonello/BFMC/BRAIN_driveops/luxonis_ws/src/traffic_sign/depthai-ros/install/depthai_ros_driver/share/depthai_ros_driver/config/spatial_yolo.yaml
-- Symlinking: /home/michele-zarantonello/BFMC/BRAIN_driveops/luxonis_ws/src/traffic_sign/depthai-ros/install/depthai_ros_driver/share/depthai_ros_driver/config/sr_poe_rgbd.yaml
-- Symlinking: /home/michele-zarantonello/BFMC/BRAIN_driveops/luxonis_ws/src/traffic_sign/depthai-ros/install/depthai_ros_driver/share/depthai_ros_driver/config/sr_rgbd.yaml
-- Symlinking: /home/michele-zarantonello/BFMC/BRAIN_driveops/luxonis_ws/src/traffic_sign/depthai-ros/install/depthai_ros_driver/share/depthai_ros_driver/config/stereo_from_rosbag.yaml
-- Symlinking: /home/michele-zarantonello/BFMC/BRAIN_driveops/luxonis_ws/src/traffic_sign/depthai-ros/install/depthai_ros_driver/lib/depthai_ros_driver/camera_node
-- Symlinking: /home/michele-zarantonello/BFMC/BRAIN_driveops/luxonis_ws/src/traffic_sign/depthai-ros/install/depthai_ros_driver/share/depthai_ros_driver/environment/pythonpath.sh
-- Symlinking: /home/michele-zarantonello/BFMC/BRAIN_driveops/luxonis_ws/src/traffic_sign/depthai-ros/install/depthai_ros_driver/share/depthai_ros_driver/environment/pythonpath.dsv
-- Symlinking: /home/michele-zarantonello/BFMC/BRAIN_driveops/luxonis_ws/src/traffic_sign/depthai-ros/install/depthai_ros_driver/lib/python3.12/site-packages/depthai_ros_driver-2.12.2-py3.12.egg-info/PKG-INFO
-- Symlinking: /home/michele-zarantonello/BFMC/BRAIN_driveops/luxonis_ws/src/traffic_sign/depthai-ros/install/depthai_ros_driver/lib/python3.12/site-packages/depthai_ros_driver-2.12.2-py3.12.egg-info/SOURCES.txt
-- Symlinking: /home/michele-zarantonello/BFMC/BRAIN_driveops/luxonis_ws/src/traffic_sign/depthai-ros/install/depthai_ros_driver/lib/python3.12/site-packages/depthai_ros_driver-2.12.2-py3.12.egg-info/dependency_links.txt
-- Symlinking: /home/michele-zarantonello/BFMC/BRAIN_driveops/luxonis_ws/src/traffic_sign/depthai-ros/install/depthai_ros_driver/lib/python3.12/site-packages/depthai_ros_driver-2.12.2-py3.12.egg-info/top_level.txt
-- Symlinking: /home/michele-zarantonello/BFMC/BRAIN_driveops/luxonis_ws/src/traffic_sign/depthai-ros/install/depthai_ros_driver/lib/python3.12/site-packages/depthai_ros_driver/__init__.py
-- Symlinking: /home/michele-zarantonello/BFMC/BRAIN_driveops/luxonis_ws/src/traffic_sign/depthai-ros/install/depthai_ros_driver/lib/depthai_ros_driver/obj_pub.py
-- Symlinking: /home/michele-zarantonello/BFMC/BRAIN_driveops/luxonis_ws/src/traffic_sign/depthai-ros/install/depthai_ros_driver/include/depthai_ros_driver/camera.hpp
-- Symlinking: /home/michele-zarantonello/BFMC/BRAIN_driveops/luxonis_ws/src/traffic_sign/depthai-ros/install/depthai_ros_driver/include/depthai_ros_driver/dai_nodes/base_node.hpp
-- Symlinking: /home/michele-zarantonello/BFMC/BRAIN_driveops/luxonis_ws/src/traffic_sign/depthai-ros/install/depthai_ros_driver/include/depthai_ros_driver/dai_nodes/nn/detection.hpp
-- Symlinking: /home/michele-zarantonello/BFMC/BRAIN_driveops/luxonis_ws/src/traffic_sign/depthai-ros/install/depthai_ros_driver/include/depthai_ros_driver/dai_nodes/nn/nn_helpers.hpp
-- Symlinking: /home/michele-zarantonello/BFMC/BRAIN_driveops/luxonis_ws/src/traffic_sign/depthai-ros/install/depthai_ros_driver/include/depthai_ros_driver/dai_nodes/nn/nn_wrapper.hpp
-- Symlinking: /home/michele-zarantonello/BFMC/BRAIN_driveops/luxonis_ws/src/traffic_sign/depthai-ros/install/depthai_ros_driver/include/depthai_ros_driver/dai_nodes/nn/segmentation.hpp
-- Symlinking: /home/michele-zarantonello/BFMC/BRAIN_driveops/luxonis_ws/src/traffic_sign/depthai-ros/install/depthai_ros_driver/include/depthai_ros_driver/dai_nodes/nn/spatial_detection.hpp
-- Symlinking: /home/michele-zarantonello/BFMC/BRAIN_driveops/luxonis_ws/src/traffic_sign/depthai-ros/install/depthai_ros_driver/include/depthai_ros_driver/dai_nodes/nn/spatial_nn_wrapper.hpp
-- Symlinking: /home/michele-zarantonello/BFMC/BRAIN_driveops/luxonis_ws/src/traffic_sign/depthai-ros/install/depthai_ros_driver/include/depthai_ros_driver/dai_nodes/sensors/feature_tracker.hpp
-- Symlinking: /home/michele-zarantonello/BFMC/BRAIN_driveops/luxonis_ws/src/traffic_sign/depthai-ros/install/depthai_ros_driver/include/depthai_ros_driver/dai_nodes/sensors/img_pub.hpp
-- Symlinking: /home/michele-zarantonello/BFMC/BRAIN_driveops/luxonis_ws/src/traffic_sign/depthai-ros/install/depthai_ros_driver/include/depthai_ros_driver/dai_nodes/sensors/imu.hpp
-- Symlinking: /home/michele-zarantonello/BFMC/BRAIN_driveops/luxonis_ws/src/traffic_sign/depthai-ros/install/depthai_ros_driver/include/depthai_ros_driver/dai_nodes/sensors/mono.hpp
-- Symlinking: /home/michele-zarantonello/BFMC/BRAIN_driveops/luxonis_ws/src/traffic_sign/depthai-ros/install/depthai_ros_driver/include/depthai_ros_driver/dai_nodes/sensors/rgb.hpp
-- Symlinking: /home/michele-zarantonello/BFMC/BRAIN_driveops/luxonis_ws/src/traffic_sign/depthai-ros/install/depthai_ros_driver/include/depthai_ros_driver/dai_nodes/sensors/sensor_helpers.hpp
-- Symlinking: /home/michele-zarantonello/BFMC/BRAIN_driveops/luxonis_ws/src/traffic_sign/depthai-ros/install/depthai_ros_driver/include/depthai_ros_driver/dai_nodes/sensors/sensor_wrapper.hpp
-- Symlinking: /home/michele-zarantonello/BFMC/BRAIN_driveops/luxonis_ws/src/traffic_sign/depthai-ros/install/depthai_ros_driver/include/depthai_ros_driver/dai_nodes/sensors/stereo.hpp
-- Symlinking: /home/michele-zarantonello/BFMC/BRAIN_driveops/luxonis_ws/src/traffic_sign/depthai-ros/install/depthai_ros_driver/include/depthai_ros_driver/dai_nodes/sensors/sync.hpp
-- Symlinking: /home/michele-zarantonello/BFMC/BRAIN_driveops/luxonis_ws/src/traffic_sign/depthai-ros/install/depthai_ros_driver/include/depthai_ros_driver/dai_nodes/sensors/thermal.hpp
-- Symlinking: /home/michele-zarantonello/BFMC/BRAIN_driveops/luxonis_ws/src/traffic_sign/depthai-ros/install/depthai_ros_driver/include/depthai_ros_driver/dai_nodes/sensors/tof.hpp
-- Symlinking: /home/michele-zarantonello/BFMC/BRAIN_driveops/luxonis_ws/src/traffic_sign/depthai-ros/install/depthai_ros_driver/include/depthai_ros_driver/dai_nodes/stereo.hpp
-- Symlinking: /home/michele-zarantonello/BFMC/BRAIN_driveops/luxonis_ws/src/traffic_sign/depthai-ros/install/depthai_ros_driver/include/depthai_ros_driver/dai_nodes/sys_logger.hpp
-- Symlinking: /home/michele-zarantonello/BFMC/BRAIN_driveops/luxonis_ws/src/traffic_sign/depthai-ros/install/depthai_ros_driver/include/depthai_ros_driver/param_handlers/base_param_handler.hpp
-- Symlinking: /home/michele-zarantonello/BFMC/BRAIN_driveops/luxonis_ws/src/traffic_sign/depthai-ros/install/depthai_ros_driver/include/depthai_ros_driver/param_handlers/camera_param_handler.hpp
-- Symlinking: /home/michele-zarantonello/BFMC/BRAIN_driveops/luxonis_ws/src/traffic_sign/depthai-ros/install/depthai_ros_driver/include/depthai_ros_driver/param_handlers/feature_tracker_param_handler.hpp
-- Symlinking: /home/michele-zarantonello/BFMC/BRAIN_driveops/luxonis_ws/src/traffic_sign/depthai-ros/install/depthai_ros_driver/include/depthai_ros_driver/param_handlers/imu_param_handler.hpp
-- Symlinking: /home/michele-zarantonello/BFMC/BRAIN_driveops/luxonis_ws/src/traffic_sign/depthai-ros/install/depthai_ros_driver/include/depthai_ros_driver/param_handlers/nn_param_handler.hpp
-- Symlinking: /home/michele-zarantonello/BFMC/BRAIN_driveops/luxonis_ws/src/traffic_sign/depthai-ros/install/depthai_ros_driver/include/depthai_ros_driver/param_handlers/pipeline_gen_param_handler.hpp
-- Symlinking: /home/michele-zarantonello/BFMC/BRAIN_driveops/luxonis_ws/src/traffic_sign/depthai-ros/install/depthai_ros_driver/include/depthai_ros_driver/param_handlers/sensor_param_handler.hpp
-- Symlinking: /home/michele-zarantonello/BFMC/BRAIN_driveops/luxonis_ws/src/traffic_sign/depthai-ros/install/depthai_ros_driver/include/depthai_ros_driver/param_handlers/stereo_param_handler.hpp
-- Symlinking: /home/michele-zarantonello/BFMC/BRAIN_driveops/luxonis_ws/src/traffic_sign/depthai-ros/install/depthai_ros_driver/include/depthai_ros_driver/param_handlers/sync_param_handler.hpp
-- Symlinking: /home/michele-zarantonello/BFMC/BRAIN_driveops/luxonis_ws/src/traffic_sign/depthai-ros/install/depthai_ros_driver/include/depthai_ros_driver/param_handlers/tof_param_handler.hpp
-- Symlinking: /home/michele-zarantonello/BFMC/BRAIN_driveops/luxonis_ws/src/traffic_sign/depthai-ros/install/depthai_ros_driver/include/depthai_ros_driver/pipeline/base_pipeline.hpp
-- Symlinking: /home/michele-zarantonello/BFMC/BRAIN_driveops/luxonis_ws/src/traffic_sign/depthai-ros/install/depthai_ros_driver/include/depthai_ros_driver/pipeline/base_types.hpp
-- Symlinking: /home/michele-zarantonello/BFMC/BRAIN_driveops/luxonis_ws/src/traffic_sign/depthai-ros/install/depthai_ros_driver/include/depthai_ros_driver/pipeline/pipeline_generator.hpp
-- Symlinking: /home/michele-zarantonello/BFMC/BRAIN_driveops/luxonis_ws/src/traffic_sign/depthai-ros/install/depthai_ros_driver/include/depthai_ros_driver/utils.hpp
-- Symlinking: /home/michele-zarantonello/BFMC/BRAIN_driveops/luxonis_ws/src/traffic_sign/depthai-ros/install/depthai_ros_driver/share/ament_index/resource_index/package_run_dependencies/depthai_ros_driver
-- Symlinking: /home/michele-zarantonello/BFMC/BRAIN_driveops/luxonis_ws/src/traffic_sign/depthai-ros/install/depthai_ros_driver/share/ament_index/resource_index/parent_prefix_path/depthai_ros_driver
-- Symlinking: /home/michele-zarantonello/BFMC/BRAIN_driveops/luxonis_ws/src/traffic_sign/depthai-ros/install/depthai_ros_driver/share/depthai_ros_driver/environment/ament_prefix_path.sh
-- Symlinking: /home/michele-zarantonello/BFMC/BRAIN_driveops/luxonis_ws/src/traffic_sign/depthai-ros/install/depthai_ros_driver/share/depthai_ros_driver/environment/ament_prefix_path.dsv
-- Symlinking: /home/michele-zarantonello/BFMC/BRAIN_driveops/luxonis_ws/src/traffic_sign/depthai-ros/install/depthai_ros_driver/share/depthai_ros_driver/environment/path.sh
-- Symlinking: /home/michele-zarantonello/BFMC/BRAIN_driveops/luxonis_ws/src/traffic_sign/depthai-ros/install/depthai_ros_driver/share/depthai_ros_driver/environment/path.dsv
-- Symlinking: /home/michele-zarantonello/BFMC/BRAIN_driveops/luxonis_ws/src/traffic_sign/depthai-ros/install/depthai_ros_driver/share/depthai_ros_driver/local_setup.bash
-- Symlinking: /home/michele-zarantonello/BFMC/BRAIN_driveops/luxonis_ws/src/traffic_sign/depthai-ros/install/depthai_ros_driver/share/depthai_ros_driver/local_setup.sh
-- Symlinking: /home/michele-zarantonello/BFMC/BRAIN_driveops/luxonis_ws/src/traffic_sign/depthai-ros/install/depthai_ros_driver/share/depthai_ros_driver/local_setup.zsh
-- Symlinking: /home/michele-zarantonello/BFMC/BRAIN_driveops/luxonis_ws/src/traffic_sign/depthai-ros/install/depthai_ros_driver/share/depthai_ros_driver/local_setup.dsv
-- Symlinking: /home/michele-zarantonello/BFMC/BRAIN_driveops/luxonis_ws/src/traffic_sign/depthai-ros/install/depthai_ros_driver/share/depthai_ros_driver/package.dsv
-- Symlinking: /home/michele-zarantonello/BFMC/BRAIN_driveops/luxonis_ws/src/traffic_sign/depthai-ros/install/depthai_ros_driver/share/ament_index/resource_index/packages/depthai_ros_driver
-- Symlinking: /home/michele-zarantonello/BFMC/BRAIN_driveops/luxonis_ws/src/traffic_sign/depthai-ros/install/depthai_ros_driver/share/ament_index/resource_index/depthai_ros_driver__pluginlib__plugin/depthai_ros_driver
-- Symlinking: /home/michele-zarantonello/BFMC/BRAIN_driveops/luxonis_ws/src/traffic_sign/depthai-ros/install/depthai_ros_driver/share/ament_index/resource_index/rclcpp_components/depthai_ros_driver
-- Symlinking: /home/michele-zarantonello/BFMC/BRAIN_driveops/luxonis_ws/src/traffic_sign/depthai-ros/install/depthai_ros_driver/share/depthai_ros_driver/cmake/ament_cmake_export_include_directories-extras.cmake
-- Symlinking: /home/michele-zarantonello/BFMC/BRAIN_driveops/luxonis_ws/src/traffic_sign/depthai-ros/install/depthai_ros_driver/share/depthai_ros_driver/cmake/ament_cmake_export_targets-extras.cmake
-- Symlinking: /home/michele-zarantonello/BFMC/BRAIN_driveops/luxonis_ws/src/traffic_sign/depthai-ros/install/depthai_ros_driver/share/depthai_ros_driver/cmake/ament_cmake_export_libraries-extras.cmake
-- Symlinking: /home/michele-zarantonello/BFMC/BRAIN_driveops/luxonis_ws/src/traffic_sign/depthai-ros/install/depthai_ros_driver/share/depthai_ros_driver/cmake/ament_cmake_export_dependencies-extras.cmake
-- Symlinking: /home/michele-zarantonello/BFMC/BRAIN_driveops/luxonis_ws/src/traffic_sign/depthai-ros/install/depthai_ros_driver/share/depthai_ros_driver/cmake/depthai_ros_driverConfig.cmake
-- Symlinking: /home/michele-zarantonello/BFMC/BRAIN_driveops/luxonis_ws/src/traffic_sign/depthai-ros/install/depthai_ros_driver/share/depthai_ros_driver/cmake/depthai_ros_driverConfig-version.cmake
-- Symlinking: /home/michele-zarantonello/BFMC/BRAIN_driveops/luxonis_ws/src/traffic_sign/depthai-ros/install/depthai_ros_driver/share/depthai_ros_driver/package.xml
-- Installing: /home/michele-zarantonello/BFMC/BRAIN_driveops/luxonis_ws/src/traffic_sign/depthai-ros/install/depthai_ros_driver/lib/libdepthai_ros_driver.so
-- Set non-toolchain portion of runtime path of "/home/michele-zarantonello/BFMC/BRAIN_driveops/luxonis_ws/src/traffic_sign/depthai-ros/install/depthai_ros_driver/lib/libdepthai_ros_driver.so" to ""
-- Installing: /home/michele-zarantonello/BFMC/BRAIN_driveops/luxonis_ws/src/traffic_sign/depthai-ros/install/depthai_ros_driver/lib/libdepthai_ros_driver_sensor_nodes.so
-- Set non-toolchain portion of runtime path of "/home/michele-zarantonello/BFMC/BRAIN_driveops/luxonis_ws/src/traffic_sign/depthai-ros/install/depthai_ros_driver/lib/libdepthai_ros_driver_sensor_nodes.so" to ""
-- Installing: /home/michele-zarantonello/BFMC/BRAIN_driveops/luxonis_ws/src/traffic_sign/depthai-ros/install/depthai_ros_driver/lib/libdepthai_ros_driver_nn_nodes.so
-- Set non-toolchain portion of runtime path of "/home/michele-zarantonello/BFMC/BRAIN_driveops/luxonis_ws/src/traffic_sign/depthai-ros/install/depthai_ros_driver/lib/libdepthai_ros_driver_nn_nodes.so" to ""
-- Installing: /home/michele-zarantonello/BFMC/BRAIN_driveops/luxonis_ws/src/traffic_sign/depthai-ros/install/depthai_ros_driver/lib/libdepthai_ros_driver_common.so
-- Set non-toolchain portion of runtime path of "/home/michele-zarantonello/BFMC/BRAIN_driveops/luxonis_ws/src/traffic_sign/depthai-ros/install/depthai_ros_driver/lib/libdepthai_ros_driver_common.so" to ""
-- Installing: /home/michele-zarantonello/BFMC/BRAIN_driveops/luxonis_ws/src/traffic_sign/depthai-ros/install/depthai_ros_driver/share/depthai_ros_driver/cmake/depthai_ros_driverTargets.cmake
-- Installing: /home/michele-zarantonello/BFMC/BRAIN_driveops/luxonis_ws/src/traffic_sign/depthai-ros/install/depthai_ros_driver/share/depthai_ros_driver/cmake/depthai_ros_driverTargets-noconfig.cmake
Listing '/home/michele-zarantonello/BFMC/BRAIN_driveops/luxonis_ws/src/traffic_sign/depthai-ros/install/depthai_ros_driver/lib/python3.12/site-packages/depthai_ros_driver'...
Compiling '/home/michele-zarantonello/BFMC/BRAIN_driveops/luxonis_ws/src/traffic_sign/depthai-ros/install/depthai_ros_driver/lib/python3.12/site-packages/depthai_ros_driver/__init__.py'...
-- Installing: /home/michele-zarantonello/BFMC/BRAIN_driveops/luxonis_ws/src/traffic_sign/depthai-ros/install/depthai_ros_driver/share/depthai_ros_driver/cmake/depthai_ros_driverTargetsExport.cmake
-- Installing: /home/michele-zarantonello/BFMC/BRAIN_driveops/luxonis_ws/src/traffic_sign/depthai-ros/install/depthai_ros_driver/share/depthai_ros_driver/cmake/depthai_ros_driverTargetsExport-noconfig.cmake
