[0.255s] DEBUG:colcon:Command line arguments: ['/usr/bin/colcon', 'build']
[0.255s] DEBUG:colcon:Parsed command line arguments: Namespace(log_base=None, log_level=None, verb_name='build', build_base='build', install_base='install', merge_install=False, symlink_install=False, test_result_base=None, continue_on_error=False, executor='parallel', parallel_workers=8, event_handlers=None, ignore_user_meta=False, metas=['./colcon.meta'], base_paths=['.'], packages_ignore=None, packages_ignore_regex=None, paths=None, packages_up_to=None, packages_up_to_regex=None, packages_above=None, packages_above_and_dependencies=None, packages_above_depth=None, packages_select_by_dep=None, packages_skip_by_dep=None, packages_skip_up_to=None, packages_select_build_failed=False, packages_skip_build_finished=False, packages_select_test_failures=False, packages_skip_test_passed=False, packages_select=None, packages_skip=None, packages_select_regex=None, packages_skip_regex=None, packages_start=None, packages_end=None, allow_overriding=[], cmake_args=None, cmake_target=None, cmake_target_skip_unavailable=False, cmake_clean_cache=False, cmake_clean_first=False, cmake_force_configure=False, ament_cmake_args=None, catkin_cmake_args=None, catkin_skip_building_tests=False, mixin_files=None, mixin=None, verb_parser=<colcon_mixin.mixin.mixin_argument.MixinArgumentDecorator object at 0x719e2c787e60>, verb_extension=<colcon_core.verb.build.BuildVerb object at 0x719e2c8d4530>, main=<bound method BuildVerb.main of <colcon_core.verb.build.BuildVerb object at 0x719e2c8d4530>>, mixin_verb=('build',))
[0.328s] Level 1:colcon.colcon_core.package_discovery:discover_packages(colcon_meta) check parameters
[0.329s] Level 1:colcon.colcon_core.package_discovery:discover_packages(recursive) check parameters
[0.329s] Level 1:colcon.colcon_core.package_discovery:discover_packages(ignore) check parameters
[0.329s] Level 1:colcon.colcon_core.package_discovery:discover_packages(path) check parameters
[0.329s] Level 1:colcon.colcon_core.package_discovery:discover_packages(colcon_meta) discover
[0.329s] Level 1:colcon.colcon_core.package_discovery:discover_packages(recursive) discover
[0.329s] INFO:colcon.colcon_core.package_discovery:Crawling recursively for packages in '/home/michele-zarantonello/BFMC/BRAIN_driveops/luxonis_ws'
[0.329s] Level 1:colcon.colcon_core.package_identification:_identify(.) by extensions ['ignore', 'ignore_ament_install']
[0.329s] Level 1:colcon.colcon_core.package_identification:_identify(.) by extension 'ignore'
[0.329s] Level 1:colcon.colcon_core.package_identification:_identify(.) by extension 'ignore_ament_install'
[0.330s] Level 1:colcon.colcon_core.package_identification:_identify(.) by extensions ['colcon_pkg']
[0.330s] Level 1:colcon.colcon_core.package_identification:_identify(.) by extension 'colcon_pkg'
[0.330s] Level 1:colcon.colcon_core.package_identification:_identify(.) by extensions ['colcon_meta']
[0.330s] Level 1:colcon.colcon_core.package_identification:_identify(.) by extension 'colcon_meta'
[0.330s] Level 1:colcon.colcon_core.package_identification:_identify(.) by extensions ['ros']
[0.330s] Level 1:colcon.colcon_core.package_identification:_identify(.) by extension 'ros'
[0.379s] Level 1:colcon.colcon_core.package_identification:_identify(.) by extensions ['cmake', 'python']
[0.379s] Level 1:colcon.colcon_core.package_identification:_identify(.) by extension 'cmake'
[0.380s] Level 1:colcon.colcon_core.package_identification:_identify(.) by extension 'python'
[0.380s] Level 1:colcon.colcon_core.package_identification:_identify(.) by extensions ['python_setup_py']
[0.380s] Level 1:colcon.colcon_core.package_identification:_identify(.) by extension 'python_setup_py'
[0.380s] Level 1:colcon.colcon_core.package_identification:_identify(build) by extensions ['ignore', 'ignore_ament_install']
[0.380s] Level 1:colcon.colcon_core.package_identification:_identify(build) by extension 'ignore'
[0.380s] Level 1:colcon.colcon_core.package_identification:_identify(build) ignored
[0.380s] Level 1:colcon.colcon_core.package_identification:_identify(install) by extensions ['ignore', 'ignore_ament_install']
[0.381s] Level 1:colcon.colcon_core.package_identification:_identify(install) by extension 'ignore'
[0.381s] Level 1:colcon.colcon_core.package_identification:_identify(install) ignored
[0.381s] Level 1:colcon.colcon_core.package_identification:_identify(log) by extensions ['ignore', 'ignore_ament_install']
[0.381s] Level 1:colcon.colcon_core.package_identification:_identify(log) by extension 'ignore'
[0.381s] Level 1:colcon.colcon_core.package_identification:_identify(log) ignored
[0.381s] Level 1:colcon.colcon_core.package_identification:_identify(src) by extensions ['ignore', 'ignore_ament_install']
[0.381s] Level 1:colcon.colcon_core.package_identification:_identify(src) by extension 'ignore'
[0.381s] Level 1:colcon.colcon_core.package_identification:_identify(src) by extension 'ignore_ament_install'
[0.382s] Level 1:colcon.colcon_core.package_identification:_identify(src) by extensions ['colcon_pkg']
[0.382s] Level 1:colcon.colcon_core.package_identification:_identify(src) by extension 'colcon_pkg'
[0.382s] Level 1:colcon.colcon_core.package_identification:_identify(src) by extensions ['colcon_meta']
[0.382s] Level 1:colcon.colcon_core.package_identification:_identify(src) by extension 'colcon_meta'
[0.382s] Level 1:colcon.colcon_core.package_identification:_identify(src) by extensions ['ros']
[0.382s] Level 1:colcon.colcon_core.package_identification:_identify(src) by extension 'ros'
[0.382s] Level 1:colcon.colcon_core.package_identification:_identify(src) by extensions ['cmake', 'python']
[0.382s] Level 1:colcon.colcon_core.package_identification:_identify(src) by extension 'cmake'
[0.382s] Level 1:colcon.colcon_core.package_identification:_identify(src) by extension 'python'
[0.382s] Level 1:colcon.colcon_core.package_identification:_identify(src) by extensions ['python_setup_py']
[0.382s] Level 1:colcon.colcon_core.package_identification:_identify(src) by extension 'python_setup_py'
[0.383s] Level 1:colcon.colcon_core.package_identification:_identify(src/camera_preprocessing) by extensions ['ignore', 'ignore_ament_install']
[0.383s] Level 1:colcon.colcon_core.package_identification:_identify(src/camera_preprocessing) by extension 'ignore'
[0.383s] Level 1:colcon.colcon_core.package_identification:_identify(src/camera_preprocessing) by extension 'ignore_ament_install'
[0.383s] Level 1:colcon.colcon_core.package_identification:_identify(src/camera_preprocessing) by extensions ['colcon_pkg']
[0.383s] Level 1:colcon.colcon_core.package_identification:_identify(src/camera_preprocessing) by extension 'colcon_pkg'
[0.383s] Level 1:colcon.colcon_core.package_identification:_identify(src/camera_preprocessing) by extensions ['colcon_meta']
[0.383s] Level 1:colcon.colcon_core.package_identification:_identify(src/camera_preprocessing) by extension 'colcon_meta'
[0.383s] Level 1:colcon.colcon_core.package_identification:_identify(src/camera_preprocessing) by extensions ['ros']
[0.383s] Level 1:colcon.colcon_core.package_identification:_identify(src/camera_preprocessing) by extension 'ros'
[0.388s] DEBUG:colcon.colcon_core.package_identification:Package 'src/camera_preprocessing' with type 'ros.ament_python' and name 'camera_preprocessing'
[0.388s] Level 1:colcon.colcon_core.package_identification:_identify(src/traffic_sign) by extensions ['ignore', 'ignore_ament_install']
[0.388s] Level 1:colcon.colcon_core.package_identification:_identify(src/traffic_sign) by extension 'ignore'
[0.388s] Level 1:colcon.colcon_core.package_identification:_identify(src/traffic_sign) by extension 'ignore_ament_install'
[0.388s] Level 1:colcon.colcon_core.package_identification:_identify(src/traffic_sign) by extensions ['colcon_pkg']
[0.388s] Level 1:colcon.colcon_core.package_identification:_identify(src/traffic_sign) by extension 'colcon_pkg'
[0.389s] Level 1:colcon.colcon_core.package_identification:_identify(src/traffic_sign) by extensions ['colcon_meta']
[0.389s] Level 1:colcon.colcon_core.package_identification:_identify(src/traffic_sign) by extension 'colcon_meta'
[0.389s] Level 1:colcon.colcon_core.package_identification:_identify(src/traffic_sign) by extensions ['ros']
[0.389s] Level 1:colcon.colcon_core.package_identification:_identify(src/traffic_sign) by extension 'ros'
[0.390s] DEBUG:colcon.colcon_core.package_identification:Package 'src/traffic_sign' with type 'ros.ament_python' and name 'traffic_sign'
[0.390s] Level 1:colcon.colcon_core.package_identification:_identify(training) by extensions ['ignore', 'ignore_ament_install']
[0.390s] Level 1:colcon.colcon_core.package_identification:_identify(training) by extension 'ignore'
[0.390s] Level 1:colcon.colcon_core.package_identification:_identify(training) by extension 'ignore_ament_install'
[0.390s] Level 1:colcon.colcon_core.package_identification:_identify(training) by extensions ['colcon_pkg']
[0.390s] Level 1:colcon.colcon_core.package_identification:_identify(training) by extension 'colcon_pkg'
[0.391s] Level 1:colcon.colcon_core.package_identification:_identify(training) by extensions ['colcon_meta']
[0.391s] Level 1:colcon.colcon_core.package_identification:_identify(training) by extension 'colcon_meta'
[0.391s] Level 1:colcon.colcon_core.package_identification:_identify(training) by extensions ['ros']
[0.391s] Level 1:colcon.colcon_core.package_identification:_identify(training) by extension 'ros'
[0.391s] Level 1:colcon.colcon_core.package_identification:_identify(training) by extensions ['cmake', 'python']
[0.391s] Level 1:colcon.colcon_core.package_identification:_identify(training) by extension 'cmake'
[0.391s] Level 1:colcon.colcon_core.package_identification:_identify(training) by extension 'python'
[0.391s] Level 1:colcon.colcon_core.package_identification:_identify(training) by extensions ['python_setup_py']
[0.391s] Level 1:colcon.colcon_core.package_identification:_identify(training) by extension 'python_setup_py'
[0.391s] Level 1:colcon.colcon_core.package_discovery:discover_packages(recursive) using defaults
[0.391s] Level 1:colcon.colcon_core.package_discovery:discover_packages(ignore) discover
[0.391s] Level 1:colcon.colcon_core.package_discovery:discover_packages(ignore) using defaults
[0.391s] Level 1:colcon.colcon_core.package_discovery:discover_packages(path) discover
[0.391s] Level 1:colcon.colcon_core.package_discovery:discover_packages(path) using defaults
[0.426s] Level 1:colcon.colcon_core.package_discovery:discover_packages(prefix_path) check parameters
[0.426s] Level 1:colcon.colcon_core.package_discovery:discover_packages(prefix_path) discover
[0.433s] DEBUG:colcon.colcon_installed_package_information.package_discovery:Found 486 installed packages in /opt/ros/jazzy
[0.436s] Level 1:colcon.colcon_core.package_discovery:discover_packages(prefix_path) using defaults
[0.584s] Level 5:colcon.colcon_core.verb:set package 'camera_preprocessing' build argument 'cmake_args' from command line to 'None'
[0.584s] Level 5:colcon.colcon_core.verb:set package 'camera_preprocessing' build argument 'cmake_target' from command line to 'None'
[0.584s] Level 5:colcon.colcon_core.verb:set package 'camera_preprocessing' build argument 'cmake_target_skip_unavailable' from command line to 'False'
[0.584s] Level 5:colcon.colcon_core.verb:set package 'camera_preprocessing' build argument 'cmake_clean_cache' from command line to 'False'
[0.584s] Level 5:colcon.colcon_core.verb:set package 'camera_preprocessing' build argument 'cmake_clean_first' from command line to 'False'
[0.585s] Level 5:colcon.colcon_core.verb:set package 'camera_preprocessing' build argument 'cmake_force_configure' from command line to 'False'
[0.585s] Level 5:colcon.colcon_core.verb:set package 'camera_preprocessing' build argument 'ament_cmake_args' from command line to 'None'
[0.585s] Level 5:colcon.colcon_core.verb:set package 'camera_preprocessing' build argument 'catkin_cmake_args' from command line to 'None'
[0.585s] Level 5:colcon.colcon_core.verb:set package 'camera_preprocessing' build argument 'catkin_skip_building_tests' from command line to 'False'
[0.585s] DEBUG:colcon.colcon_core.verb:Building package 'camera_preprocessing' with the following arguments: {'ament_cmake_args': None, 'build_base': '/home/michele-zarantonello/BFMC/BRAIN_driveops/luxonis_ws/build/camera_preprocessing', 'catkin_cmake_args': None, 'catkin_skip_building_tests': False, 'cmake_args': None, 'cmake_clean_cache': False, 'cmake_clean_first': False, 'cmake_force_configure': False, 'cmake_target': None, 'cmake_target_skip_unavailable': False, 'install_base': '/home/michele-zarantonello/BFMC/BRAIN_driveops/luxonis_ws/install/camera_preprocessing', 'merge_install': False, 'path': '/home/michele-zarantonello/BFMC/BRAIN_driveops/luxonis_ws/src/camera_preprocessing', 'symlink_install': False, 'test_result_base': None}
[0.585s] Level 5:colcon.colcon_core.verb:set package 'traffic_sign' build argument 'cmake_args' from command line to 'None'
[0.585s] Level 5:colcon.colcon_core.verb:set package 'traffic_sign' build argument 'cmake_target' from command line to 'None'
[0.585s] Level 5:colcon.colcon_core.verb:set package 'traffic_sign' build argument 'cmake_target_skip_unavailable' from command line to 'False'
[0.585s] Level 5:colcon.colcon_core.verb:set package 'traffic_sign' build argument 'cmake_clean_cache' from command line to 'False'
[0.586s] Level 5:colcon.colcon_core.verb:set package 'traffic_sign' build argument 'cmake_clean_first' from command line to 'False'
[0.586s] Level 5:colcon.colcon_core.verb:set package 'traffic_sign' build argument 'cmake_force_configure' from command line to 'False'
[0.586s] Level 5:colcon.colcon_core.verb:set package 'traffic_sign' build argument 'ament_cmake_args' from command line to 'None'
[0.586s] Level 5:colcon.colcon_core.verb:set package 'traffic_sign' build argument 'catkin_cmake_args' from command line to 'None'
[0.586s] Level 5:colcon.colcon_core.verb:set package 'traffic_sign' build argument 'catkin_skip_building_tests' from command line to 'False'
[0.586s] DEBUG:colcon.colcon_core.verb:Building package 'traffic_sign' with the following arguments: {'ament_cmake_args': None, 'build_base': '/home/michele-zarantonello/BFMC/BRAIN_driveops/luxonis_ws/build/traffic_sign', 'catkin_cmake_args': None, 'catkin_skip_building_tests': False, 'cmake_args': None, 'cmake_clean_cache': False, 'cmake_clean_first': False, 'cmake_force_configure': False, 'cmake_target': None, 'cmake_target_skip_unavailable': False, 'install_base': '/home/michele-zarantonello/BFMC/BRAIN_driveops/luxonis_ws/install/traffic_sign', 'merge_install': False, 'path': '/home/michele-zarantonello/BFMC/BRAIN_driveops/luxonis_ws/src/traffic_sign', 'symlink_install': False, 'test_result_base': None}
[0.586s] INFO:colcon.colcon_core.executor:Executing jobs using 'parallel' executor
[0.587s] DEBUG:colcon.colcon_parallel_executor.executor.parallel:run_until_complete
[0.588s] INFO:colcon.colcon_ros.task.ament_python.build:Building ROS package in '/home/michele-zarantonello/BFMC/BRAIN_driveops/luxonis_ws/src/camera_preprocessing' with build type 'ament_python'
[0.588s] Level 1:colcon.colcon_core.shell:create_environment_hook('camera_preprocessing', 'ament_prefix_path')
[0.598s] INFO:colcon.colcon_core.plugin_system:Skipping extension 'colcon_core.shell.bat': Not used on non-Windows systems
[0.598s] INFO:colcon.colcon_core.shell:Creating environment hook '/home/michele-zarantonello/BFMC/BRAIN_driveops/luxonis_ws/install/camera_preprocessing/share/camera_preprocessing/hook/ament_prefix_path.ps1'
[0.600s] INFO:colcon.colcon_core.shell:Creating environment descriptor '/home/michele-zarantonello/BFMC/BRAIN_driveops/luxonis_ws/install/camera_preprocessing/share/camera_preprocessing/hook/ament_prefix_path.dsv'
[0.601s] INFO:colcon.colcon_core.shell:Creating environment hook '/home/michele-zarantonello/BFMC/BRAIN_driveops/luxonis_ws/install/camera_preprocessing/share/camera_preprocessing/hook/ament_prefix_path.sh'
[0.602s] INFO:colcon.colcon_core.shell:Skip shell extension 'powershell' for command environment: Not usable outside of PowerShell
[0.602s] DEBUG:colcon.colcon_core.shell:Skip shell extension 'dsv' for command environment
[0.610s] INFO:colcon.colcon_ros.task.ament_python.build:Building ROS package in '/home/michele-zarantonello/BFMC/BRAIN_driveops/luxonis_ws/src/traffic_sign' with build type 'ament_python'
[0.610s] Level 1:colcon.colcon_core.shell:create_environment_hook('traffic_sign', 'ament_prefix_path')
[0.610s] INFO:colcon.colcon_core.shell:Creating environment hook '/home/michele-zarantonello/BFMC/BRAIN_driveops/luxonis_ws/install/traffic_sign/share/traffic_sign/hook/ament_prefix_path.ps1'
[0.611s] INFO:colcon.colcon_core.shell:Creating environment descriptor '/home/michele-zarantonello/BFMC/BRAIN_driveops/luxonis_ws/install/traffic_sign/share/traffic_sign/hook/ament_prefix_path.dsv'
[0.612s] INFO:colcon.colcon_core.shell:Creating environment hook '/home/michele-zarantonello/BFMC/BRAIN_driveops/luxonis_ws/install/traffic_sign/share/traffic_sign/hook/ament_prefix_path.sh'
[0.613s] INFO:colcon.colcon_core.shell:Skip shell extension 'powershell' for command environment: Not usable outside of PowerShell
[0.614s] DEBUG:colcon.colcon_core.shell:Skip shell extension 'dsv' for command environment
[1.129s] INFO:colcon.colcon_core.task.python.build:Building Python package in '/home/michele-zarantonello/BFMC/BRAIN_driveops/luxonis_ws/src/camera_preprocessing'
[1.129s] INFO:colcon.colcon_core.shell:Skip shell extension 'powershell' for command environment: Not usable outside of PowerShell
[1.129s] DEBUG:colcon.colcon_core.shell:Skip shell extension 'dsv' for command environment
[1.601s] INFO:colcon.colcon_core.task.python.build:Building Python package in '/home/michele-zarantonello/BFMC/BRAIN_driveops/luxonis_ws/src/traffic_sign'
[1.602s] INFO:colcon.colcon_core.shell:Skip shell extension 'powershell' for command environment: Not usable outside of PowerShell
[1.602s] DEBUG:colcon.colcon_core.shell:Skip shell extension 'dsv' for command environment
[3.440s] DEBUG:colcon.colcon_core.event_handler.log_command:Invoking command in '/home/michele-zarantonello/BFMC/BRAIN_driveops/luxonis_ws/src/traffic_sign': DEBUGINFOD_URLS=https://debuginfod.ubuntu.com PYTHONPATH=/home/michele-zarantonello/BFMC/BRAIN_driveops/luxonis_ws/build/traffic_sign/prefix_override:/usr/lib/python3/dist-packages/colcon_core/task/python/colcon_distutils_commands:/home/michele-zarantonello/BFMC/BRAIN_driveops/luxonis_ws/install/traffic_sign/lib/python3.12/site-packages:${PYTHONPATH} VIRTUAL_ENV_PROMPT=(BFMC) /usr/bin/python3 -W ignore:setup.py install is deprecated -W ignore:easy_install command is deprecated setup.py egg_info --egg-base ../../build/traffic_sign build --build-base /home/michele-zarantonello/BFMC/BRAIN_driveops/luxonis_ws/build/traffic_sign/build install --record /home/michele-zarantonello/BFMC/BRAIN_driveops/luxonis_ws/build/traffic_sign/install.log --single-version-externally-managed install_data
[3.493s] DEBUG:colcon.colcon_core.event_handler.log_command:Invoking command in '/home/michele-zarantonello/BFMC/BRAIN_driveops/luxonis_ws/src/camera_preprocessing': DEBUGINFOD_URLS=https://debuginfod.ubuntu.com PYTHONPATH=/home/michele-zarantonello/BFMC/BRAIN_driveops/luxonis_ws/build/camera_preprocessing/prefix_override:/usr/lib/python3/dist-packages/colcon_core/task/python/colcon_distutils_commands:/home/michele-zarantonello/BFMC/BRAIN_driveops/luxonis_ws/install/camera_preprocessing/lib/python3.12/site-packages:${PYTHONPATH} VIRTUAL_ENV_PROMPT=(BFMC) /usr/bin/python3 -W ignore:setup.py install is deprecated -W ignore:easy_install command is deprecated setup.py egg_info --egg-base ../../build/camera_preprocessing build --build-base /home/michele-zarantonello/BFMC/BRAIN_driveops/luxonis_ws/build/camera_preprocessing/build install --record /home/michele-zarantonello/BFMC/BRAIN_driveops/luxonis_ws/build/camera_preprocessing/install.log --single-version-externally-managed install_data
[5.118s] DEBUG:colcon.colcon_core.event_handler.log_command:Invoked command in '/home/michele-zarantonello/BFMC/BRAIN_driveops/luxonis_ws/src/camera_preprocessing' returned '0': DEBUGINFOD_URLS=https://debuginfod.ubuntu.com PYTHONPATH=/home/michele-zarantonello/BFMC/BRAIN_driveops/luxonis_ws/build/camera_preprocessing/prefix_override:/usr/lib/python3/dist-packages/colcon_core/task/python/colcon_distutils_commands:/home/michele-zarantonello/BFMC/BRAIN_driveops/luxonis_ws/install/camera_preprocessing/lib/python3.12/site-packages:${PYTHONPATH} VIRTUAL_ENV_PROMPT=(BFMC) /usr/bin/python3 -W ignore:setup.py install is deprecated -W ignore:easy_install command is deprecated setup.py egg_info --egg-base ../../build/camera_preprocessing build --build-base /home/michele-zarantonello/BFMC/BRAIN_driveops/luxonis_ws/build/camera_preprocessing/build install --record /home/michele-zarantonello/BFMC/BRAIN_driveops/luxonis_ws/build/camera_preprocessing/install.log --single-version-externally-managed install_data
[5.129s] Level 1:colcon.colcon_core.environment:checking '/home/michele-zarantonello/BFMC/BRAIN_driveops/luxonis_ws/install/camera_preprocessing' for CMake module files
[5.130s] Level 1:colcon.colcon_core.environment:checking '/home/michele-zarantonello/BFMC/BRAIN_driveops/luxonis_ws/install/camera_preprocessing' for CMake config files
[5.132s] Level 1:colcon.colcon_core.environment:checking '/home/michele-zarantonello/BFMC/BRAIN_driveops/luxonis_ws/install/camera_preprocessing/lib'
[5.132s] Level 1:colcon.colcon_core.environment:checking '/home/michele-zarantonello/BFMC/BRAIN_driveops/luxonis_ws/install/camera_preprocessing/bin'
[5.132s] Level 1:colcon.colcon_core.environment:checking '/home/michele-zarantonello/BFMC/BRAIN_driveops/luxonis_ws/install/camera_preprocessing/lib/pkgconfig/camera_preprocessing.pc'
[5.133s] Level 1:colcon.colcon_core.environment:checking '/home/michele-zarantonello/BFMC/BRAIN_driveops/luxonis_ws/install/camera_preprocessing/lib/python3.12/site-packages'
[5.133s] Level 1:colcon.colcon_core.shell:create_environment_hook('camera_preprocessing', 'pythonpath')
[5.133s] INFO:colcon.colcon_core.shell:Creating environment hook '/home/michele-zarantonello/BFMC/BRAIN_driveops/luxonis_ws/install/camera_preprocessing/share/camera_preprocessing/hook/pythonpath.ps1'
[5.134s] INFO:colcon.colcon_core.shell:Creating environment descriptor '/home/michele-zarantonello/BFMC/BRAIN_driveops/luxonis_ws/install/camera_preprocessing/share/camera_preprocessing/hook/pythonpath.dsv'
[5.135s] INFO:colcon.colcon_core.shell:Creating environment hook '/home/michele-zarantonello/BFMC/BRAIN_driveops/luxonis_ws/install/camera_preprocessing/share/camera_preprocessing/hook/pythonpath.sh'
[5.136s] Level 1:colcon.colcon_core.environment:checking '/home/michele-zarantonello/BFMC/BRAIN_driveops/luxonis_ws/install/camera_preprocessing/bin'
[5.136s] Level 1:colcon.colcon_core.environment:create_environment_scripts_only(camera_preprocessing)
[5.136s] INFO:colcon.colcon_core.shell:Creating package script '/home/michele-zarantonello/BFMC/BRAIN_driveops/luxonis_ws/install/camera_preprocessing/share/camera_preprocessing/package.ps1'
[5.138s] INFO:colcon.colcon_core.shell:Creating package descriptor '/home/michele-zarantonello/BFMC/BRAIN_driveops/luxonis_ws/install/camera_preprocessing/share/camera_preprocessing/package.dsv'
[5.138s] INFO:colcon.colcon_core.shell:Creating package script '/home/michele-zarantonello/BFMC/BRAIN_driveops/luxonis_ws/install/camera_preprocessing/share/camera_preprocessing/package.sh'
[5.140s] INFO:colcon.colcon_core.shell:Creating package script '/home/michele-zarantonello/BFMC/BRAIN_driveops/luxonis_ws/install/camera_preprocessing/share/camera_preprocessing/package.bash'
[5.141s] INFO:colcon.colcon_core.shell:Creating package script '/home/michele-zarantonello/BFMC/BRAIN_driveops/luxonis_ws/install/camera_preprocessing/share/camera_preprocessing/package.zsh'
[5.141s] Level 1:colcon.colcon_core.environment:create_file_with_runtime_dependencies(/home/michele-zarantonello/BFMC/BRAIN_driveops/luxonis_ws/install/camera_preprocessing/share/colcon-core/packages/camera_preprocessing)
[5.243s] Level 1:colcon.colcon_core.environment:checking '/home/michele-zarantonello/BFMC/BRAIN_driveops/luxonis_ws/install/traffic_sign' for CMake module files
[5.244s] DEBUG:colcon.colcon_core.event_handler.log_command:Invoked command in '/home/michele-zarantonello/BFMC/BRAIN_driveops/luxonis_ws/src/traffic_sign' returned '0': DEBUGINFOD_URLS=https://debuginfod.ubuntu.com PYTHONPATH=/home/michele-zarantonello/BFMC/BRAIN_driveops/luxonis_ws/build/traffic_sign/prefix_override:/usr/lib/python3/dist-packages/colcon_core/task/python/colcon_distutils_commands:/home/michele-zarantonello/BFMC/BRAIN_driveops/luxonis_ws/install/traffic_sign/lib/python3.12/site-packages:${PYTHONPATH} VIRTUAL_ENV_PROMPT=(BFMC) /usr/bin/python3 -W ignore:setup.py install is deprecated -W ignore:easy_install command is deprecated setup.py egg_info --egg-base ../../build/traffic_sign build --build-base /home/michele-zarantonello/BFMC/BRAIN_driveops/luxonis_ws/build/traffic_sign/build install --record /home/michele-zarantonello/BFMC/BRAIN_driveops/luxonis_ws/build/traffic_sign/install.log --single-version-externally-managed install_data
[5.246s] Level 1:colcon.colcon_core.environment:checking '/home/michele-zarantonello/BFMC/BRAIN_driveops/luxonis_ws/install/traffic_sign' for CMake config files
[5.248s] Level 1:colcon.colcon_core.environment:checking '/home/michele-zarantonello/BFMC/BRAIN_driveops/luxonis_ws/install/traffic_sign/lib'
[5.248s] Level 1:colcon.colcon_core.environment:checking '/home/michele-zarantonello/BFMC/BRAIN_driveops/luxonis_ws/install/traffic_sign/bin'
[5.248s] Level 1:colcon.colcon_core.environment:checking '/home/michele-zarantonello/BFMC/BRAIN_driveops/luxonis_ws/install/traffic_sign/lib/pkgconfig/traffic_sign.pc'
[5.249s] Level 1:colcon.colcon_core.environment:checking '/home/michele-zarantonello/BFMC/BRAIN_driveops/luxonis_ws/install/traffic_sign/lib/python3.12/site-packages'
[5.249s] Level 1:colcon.colcon_core.shell:create_environment_hook('traffic_sign', 'pythonpath')
[5.249s] INFO:colcon.colcon_core.shell:Creating environment hook '/home/michele-zarantonello/BFMC/BRAIN_driveops/luxonis_ws/install/traffic_sign/share/traffic_sign/hook/pythonpath.ps1'
[5.250s] INFO:colcon.colcon_core.shell:Creating environment descriptor '/home/michele-zarantonello/BFMC/BRAIN_driveops/luxonis_ws/install/traffic_sign/share/traffic_sign/hook/pythonpath.dsv'
[5.251s] INFO:colcon.colcon_core.shell:Creating environment hook '/home/michele-zarantonello/BFMC/BRAIN_driveops/luxonis_ws/install/traffic_sign/share/traffic_sign/hook/pythonpath.sh'
[5.252s] Level 1:colcon.colcon_core.environment:checking '/home/michele-zarantonello/BFMC/BRAIN_driveops/luxonis_ws/install/traffic_sign/bin'
[5.252s] Level 1:colcon.colcon_core.environment:create_environment_scripts_only(traffic_sign)
[5.253s] INFO:colcon.colcon_core.shell:Creating package script '/home/michele-zarantonello/BFMC/BRAIN_driveops/luxonis_ws/install/traffic_sign/share/traffic_sign/package.ps1'
[5.254s] INFO:colcon.colcon_core.shell:Creating package descriptor '/home/michele-zarantonello/BFMC/BRAIN_driveops/luxonis_ws/install/traffic_sign/share/traffic_sign/package.dsv'
[5.254s] INFO:colcon.colcon_core.shell:Creating package script '/home/michele-zarantonello/BFMC/BRAIN_driveops/luxonis_ws/install/traffic_sign/share/traffic_sign/package.sh'
[5.255s] INFO:colcon.colcon_core.shell:Creating package script '/home/michele-zarantonello/BFMC/BRAIN_driveops/luxonis_ws/install/traffic_sign/share/traffic_sign/package.bash'
[5.256s] INFO:colcon.colcon_core.shell:Creating package script '/home/michele-zarantonello/BFMC/BRAIN_driveops/luxonis_ws/install/traffic_sign/share/traffic_sign/package.zsh'
[5.256s] Level 1:colcon.colcon_core.environment:create_file_with_runtime_dependencies(/home/michele-zarantonello/BFMC/BRAIN_driveops/luxonis_ws/install/traffic_sign/share/colcon-core/packages/traffic_sign)
[5.257s] DEBUG:colcon.colcon_parallel_executor.executor.parallel:closing loop
[5.257s] DEBUG:colcon.colcon_parallel_executor.executor.parallel:loop closed
[5.258s] DEBUG:colcon.colcon_parallel_executor.executor.parallel:run_until_complete finished with '0'
[5.258s] DEBUG:colcon.colcon_core.event_reactor:joining thread
[5.274s] INFO:colcon.colcon_core.plugin_system:Skipping extension 'colcon_notification.desktop_notification.terminal_notifier': Not used on non-Darwin systems
[5.274s] INFO:colcon.colcon_core.plugin_system:Skipping extension 'colcon_notification.desktop_notification.win32': Not used on non-Windows systems
[5.275s] INFO:colcon.colcon_notification.desktop_notification:Sending desktop notification using 'notify2'
[5.316s] DEBUG:colcon.colcon_core.event_reactor:joined thread
[5.317s] INFO:colcon.colcon_core.shell:Creating prefix script '/home/michele-zarantonello/BFMC/BRAIN_driveops/luxonis_ws/install/local_setup.ps1'
[5.318s] INFO:colcon.colcon_core.shell:Creating prefix util module '/home/michele-zarantonello/BFMC/BRAIN_driveops/luxonis_ws/install/_local_setup_util_ps1.py'
[5.320s] INFO:colcon.colcon_core.shell:Creating prefix chain script '/home/michele-zarantonello/BFMC/BRAIN_driveops/luxonis_ws/install/setup.ps1'
[5.322s] INFO:colcon.colcon_core.shell:Creating prefix script '/home/michele-zarantonello/BFMC/BRAIN_driveops/luxonis_ws/install/local_setup.sh'
[5.323s] INFO:colcon.colcon_core.shell:Creating prefix util module '/home/michele-zarantonello/BFMC/BRAIN_driveops/luxonis_ws/install/_local_setup_util_sh.py'
[5.324s] INFO:colcon.colcon_core.shell:Creating prefix chain script '/home/michele-zarantonello/BFMC/BRAIN_driveops/luxonis_ws/install/setup.sh'
[5.326s] INFO:colcon.colcon_core.shell:Creating prefix script '/home/michele-zarantonello/BFMC/BRAIN_driveops/luxonis_ws/install/local_setup.bash'
[5.327s] INFO:colcon.colcon_core.shell:Creating prefix chain script '/home/michele-zarantonello/BFMC/BRAIN_driveops/luxonis_ws/install/setup.bash'
[5.329s] INFO:colcon.colcon_core.shell:Creating prefix script '/home/michele-zarantonello/BFMC/BRAIN_driveops/luxonis_ws/install/local_setup.zsh'
[5.330s] INFO:colcon.colcon_core.shell:Creating prefix chain script '/home/michele-zarantonello/BFMC/BRAIN_driveops/luxonis_ws/install/setup.zsh'
