-- The CXX compiler identification is GNU 13.3.0
-- The C compiler identification is GNU 13.3.0
-- Detecting CXX compiler ABI info
-- Detecting CXX compiler ABI info - done
-- Check for working CXX compiler: /usr/bin/c++ - skipped
-- Detecting CXX compile features
-- Detecting CXX compile features - done
-- Detecting C compiler ABI info
-- Detecting C compiler ABI info - done
-- Check for working C compiler: /usr/bin/cc - skipped
-- Detecting C compile features
-- Detecting C compile features - done
-- Found ament_cmake_auto: 2.5.4 (/opt/ros/jazzy/share/ament_cmake_auto/cmake)
-- Found Python3: /usr/bin/python3 (found version "3.12.3") found components: Interpreter 
-- Override CMake install command with custom implementation using symlinks instead of copying resources
-- Found rosidl_generator_c: 4.6.6 (/opt/ros/jazzy/share/rosidl_generator_c/cmake)
-- Found rosidl_generator_cpp: 4.6.6 (/opt/ros/jazzy/share/rosidl_generator_cpp/cmake)
-- Using all available rosidl_typesupport_c: rosidl_typesupport_fastrtps_c;rosidl_typesupport_introspection_c
-- Using all available rosidl_typesupport_cpp: rosidl_typesupport_fastrtps_cpp;rosidl_typesupport_introspection_cpp
-- Found rmw_implementation_cmake: 7.3.2 (/opt/ros/jazzy/share/rmw_implementation_cmake/cmake)
-- Found rmw_fastrtps_cpp: 8.4.3 (/opt/ros/jazzy/share/rmw_fastrtps_cpp/cmake)
-- Found OpenSSL: /usr/lib/x86_64-linux-gnu/libcrypto.so (found version "3.0.13")  
-- Found FastRTPS: /opt/ros/jazzy/include (Required is at least version "2.13") 
-- Using RMW implementation 'rmw_fastrtps_cpp' as default
-- Configuring done (1.5s)
-- Generating done (0.0s)
-- Build files have been written to: /home/michele-zarantonello/BFMC/BRAIN_driveops/luxonis_ws/src/traffic_sign/depthai-ros/build/depthai_filters
[ 11%] [32mBuilding CXX object CMakeFiles/depthai_filters.dir/src/detection2d_overlay.cpp.o[0m
[ 22%] [32mBuilding CXX object CMakeFiles/depthai_filters.dir/src/wls_filter.cpp.o[0m
[ 33%] [32mBuilding CXX object CMakeFiles/depthai_filters.dir/src/feature_tracker_overlay.cpp.o[0m
[ 44%] [32mBuilding CXX object CMakeFiles/depthai_filters.dir/src/thermal_temp.cpp.o[0m
[ 66%] [32mBuilding CXX object CMakeFiles/depthai_filters.dir/src/spatial_bb.cpp.o[0m
[ 66%] [32mBuilding CXX object CMakeFiles/depthai_filters.dir/src/utils.cpp.o[0m
[ 77%] [32mBuilding CXX object CMakeFiles/depthai_filters.dir/src/segmentation_overlay.cpp.o[0m
[ 88%] [32mBuilding CXX object CMakeFiles/depthai_filters.dir/src/features_3d.cpp.o[0m
[100%] [32m[1mLinking CXX shared library libdepthai_filters.so[0m
[100%] Built target depthai_filters
-- Install configuration: ""
-- Execute custom install script
-- Symlinking: /home/michele-zarantonello/BFMC/BRAIN_driveops/luxonis_ws/src/traffic_sign/depthai-ros/install/depthai_filters/share/depthai_filters/launch/det2d_usb_cam_overlay.launch.py
-- Symlinking: /home/michele-zarantonello/BFMC/BRAIN_driveops/luxonis_ws/src/traffic_sign/depthai-ros/install/depthai_filters/share/depthai_filters/launch/example_det2d_overlay.launch.py
-- Symlinking: /home/michele-zarantonello/BFMC/BRAIN_driveops/luxonis_ws/src/traffic_sign/depthai-ros/install/depthai_filters/share/depthai_filters/launch/example_feature_3d.launch.py
-- Symlinking: /home/michele-zarantonello/BFMC/BRAIN_driveops/luxonis_ws/src/traffic_sign/depthai-ros/install/depthai_filters/share/depthai_filters/launch/example_feature_tracker.launch.py
-- Symlinking: /home/michele-zarantonello/BFMC/BRAIN_driveops/luxonis_ws/src/traffic_sign/depthai-ros/install/depthai_filters/share/depthai_filters/launch/example_seg_overlay.launch.py
-- Symlinking: /home/michele-zarantonello/BFMC/BRAIN_driveops/luxonis_ws/src/traffic_sign/depthai-ros/install/depthai_filters/share/depthai_filters/launch/example_wls_filter.launch.py
-- Symlinking: /home/michele-zarantonello/BFMC/BRAIN_driveops/luxonis_ws/src/traffic_sign/depthai-ros/install/depthai_filters/share/depthai_filters/launch/spatial_bb.launch.py
-- Symlinking: /home/michele-zarantonello/BFMC/BRAIN_driveops/luxonis_ws/src/traffic_sign/depthai-ros/install/depthai_filters/share/depthai_filters/launch/thermal_temp.launch.py
-- Symlinking: /home/michele-zarantonello/BFMC/BRAIN_driveops/luxonis_ws/src/traffic_sign/depthai-ros/install/depthai_filters/share/depthai_filters/config/detection.yaml
-- Symlinking: /home/michele-zarantonello/BFMC/BRAIN_driveops/luxonis_ws/src/traffic_sign/depthai-ros/install/depthai_filters/share/depthai_filters/config/feature_tracker.yaml
-- Symlinking: /home/michele-zarantonello/BFMC/BRAIN_driveops/luxonis_ws/src/traffic_sign/depthai-ros/install/depthai_filters/share/depthai_filters/config/spatial_bb.yaml
-- Symlinking: /home/michele-zarantonello/BFMC/BRAIN_driveops/luxonis_ws/src/traffic_sign/depthai-ros/install/depthai_filters/share/depthai_filters/config/usb_cam_overlay.yaml
-- Symlinking: /home/michele-zarantonello/BFMC/BRAIN_driveops/luxonis_ws/src/traffic_sign/depthai-ros/install/depthai_filters/share/depthai_filters/config/wls.yaml
-- Symlinking: /home/michele-zarantonello/BFMC/BRAIN_driveops/luxonis_ws/src/traffic_sign/depthai-ros/install/depthai_filters/lib/libdepthai_filters.so
-- Symlinking: /home/michele-zarantonello/BFMC/BRAIN_driveops/luxonis_ws/src/traffic_sign/depthai-ros/install/depthai_filters/include/depthai_filters/detection2d_overlay.hpp
-- Symlinking: /home/michele-zarantonello/BFMC/BRAIN_driveops/luxonis_ws/src/traffic_sign/depthai-ros/install/depthai_filters/include/depthai_filters/feature_tracker_overlay.hpp
-- Symlinking: /home/michele-zarantonello/BFMC/BRAIN_driveops/luxonis_ws/src/traffic_sign/depthai-ros/install/depthai_filters/include/depthai_filters/features_3d.hpp
-- Symlinking: /home/michele-zarantonello/BFMC/BRAIN_driveops/luxonis_ws/src/traffic_sign/depthai-ros/install/depthai_filters/include/depthai_filters/segmentation_overlay.hpp
-- Symlinking: /home/michele-zarantonello/BFMC/BRAIN_driveops/luxonis_ws/src/traffic_sign/depthai-ros/install/depthai_filters/include/depthai_filters/spatial_bb.hpp
-- Symlinking: /home/michele-zarantonello/BFMC/BRAIN_driveops/luxonis_ws/src/traffic_sign/depthai-ros/install/depthai_filters/include/depthai_filters/thermal_temp.hpp
-- Symlinking: /home/michele-zarantonello/BFMC/BRAIN_driveops/luxonis_ws/src/traffic_sign/depthai-ros/install/depthai_filters/include/depthai_filters/utils.hpp
-- Symlinking: /home/michele-zarantonello/BFMC/BRAIN_driveops/luxonis_ws/src/traffic_sign/depthai-ros/install/depthai_filters/include/depthai_filters/wls_filter.hpp
-- Symlinking: /home/michele-zarantonello/BFMC/BRAIN_driveops/luxonis_ws/src/traffic_sign/depthai-ros/install/depthai_filters/share/ament_index/resource_index/package_run_dependencies/depthai_filters
-- Symlinking: /home/michele-zarantonello/BFMC/BRAIN_driveops/luxonis_ws/src/traffic_sign/depthai-ros/install/depthai_filters/share/ament_index/resource_index/parent_prefix_path/depthai_filters
-- Symlinking: /home/michele-zarantonello/BFMC/BRAIN_driveops/luxonis_ws/src/traffic_sign/depthai-ros/install/depthai_filters/share/depthai_filters/environment/ament_prefix_path.sh
-- Symlinking: /home/michele-zarantonello/BFMC/BRAIN_driveops/luxonis_ws/src/traffic_sign/depthai-ros/install/depthai_filters/share/depthai_filters/environment/ament_prefix_path.dsv
-- Symlinking: /home/michele-zarantonello/BFMC/BRAIN_driveops/luxonis_ws/src/traffic_sign/depthai-ros/install/depthai_filters/share/depthai_filters/environment/path.sh
-- Symlinking: /home/michele-zarantonello/BFMC/BRAIN_driveops/luxonis_ws/src/traffic_sign/depthai-ros/install/depthai_filters/share/depthai_filters/environment/path.dsv
-- Symlinking: /home/michele-zarantonello/BFMC/BRAIN_driveops/luxonis_ws/src/traffic_sign/depthai-ros/install/depthai_filters/share/depthai_filters/local_setup.bash
-- Symlinking: /home/michele-zarantonello/BFMC/BRAIN_driveops/luxonis_ws/src/traffic_sign/depthai-ros/install/depthai_filters/share/depthai_filters/local_setup.sh
-- Symlinking: /home/michele-zarantonello/BFMC/BRAIN_driveops/luxonis_ws/src/traffic_sign/depthai-ros/install/depthai_filters/share/depthai_filters/local_setup.zsh
-- Symlinking: /home/michele-zarantonello/BFMC/BRAIN_driveops/luxonis_ws/src/traffic_sign/depthai-ros/install/depthai_filters/share/depthai_filters/local_setup.dsv
-- Symlinking: /home/michele-zarantonello/BFMC/BRAIN_driveops/luxonis_ws/src/traffic_sign/depthai-ros/install/depthai_filters/share/depthai_filters/package.dsv
-- Symlinking: /home/michele-zarantonello/BFMC/BRAIN_driveops/luxonis_ws/src/traffic_sign/depthai-ros/install/depthai_filters/share/ament_index/resource_index/packages/depthai_filters
-- Symlinking: /home/michele-zarantonello/BFMC/BRAIN_driveops/luxonis_ws/src/traffic_sign/depthai-ros/install/depthai_filters/share/ament_index/resource_index/rclcpp_components/depthai_filters
-- Symlinking: /home/michele-zarantonello/BFMC/BRAIN_driveops/luxonis_ws/src/traffic_sign/depthai-ros/install/depthai_filters/share/depthai_filters/cmake/ament_cmake_export_include_directories-extras.cmake
-- Symlinking: /home/michele-zarantonello/BFMC/BRAIN_driveops/luxonis_ws/src/traffic_sign/depthai-ros/install/depthai_filters/share/depthai_filters/cmake/depthai_filtersConfig.cmake
-- Symlinking: /home/michele-zarantonello/BFMC/BRAIN_driveops/luxonis_ws/src/traffic_sign/depthai-ros/install/depthai_filters/share/depthai_filters/cmake/depthai_filtersConfig-version.cmake
-- Symlinking: /home/michele-zarantonello/BFMC/BRAIN_driveops/luxonis_ws/src/traffic_sign/depthai-ros/install/depthai_filters/share/depthai_filters/package.xml
