[2.702s] Invoking command in '/home/michele-zarantonello/BFMC/BRAIN_driveops/luxonis_ws/src/traffic_sign': DEBUGINFOD_URLS=https://debuginfod.ubuntu.com PYTHONPATH=/home/michele-zarantonello/BFMC/BRAIN_driveops/luxonis_ws/build/traffic_sign/prefix_override:/usr/lib/python3/dist-packages/colcon_core/task/python/colcon_distutils_commands:/home/michele-zarantonello/BFMC/BRAIN_driveops/luxonis_ws/install/traffic_sign/lib/python3.12/site-packages:${PYTHONPATH} VIRTUAL_ENV_PROMPT=(BFMC) /usr/bin/python3 -W ignore:setup.py install is deprecated -W ignore:easy_install command is deprecated setup.py egg_info --egg-base ../../build/traffic_sign build --build-base /home/michele-zarantonello/BFMC/BRAIN_driveops/luxonis_ws/build/traffic_sign/build install --record /home/michele-zarantonello/BFMC/BRAIN_driveops/luxonis_ws/build/traffic_sign/install.log --single-version-externally-managed install_data
[3.361s] running egg_info
[3.413s] writing ../../build/traffic_sign/traffic_sign.egg-info/PKG-INFO
[3.414s] writing dependency_links to ../../build/traffic_sign/traffic_sign.egg-info/dependency_links.txt
[3.414s] writing entry points to ../../build/traffic_sign/traffic_sign.egg-info/entry_points.txt
[3.414s] writing requirements to ../../build/traffic_sign/traffic_sign.egg-info/requires.txt
[3.415s] writing top-level names to ../../build/traffic_sign/traffic_sign.egg-info/top_level.txt
[3.523s] reading manifest file '../../build/traffic_sign/traffic_sign.egg-info/SOURCES.txt'
[3.524s] writing manifest file '../../build/traffic_sign/traffic_sign.egg-info/SOURCES.txt'
[3.525s] running build
[3.525s] running build_py
[3.525s] copying traffic_sign/traffic_sign_node.py -> /home/michele-zarantonello/BFMC/BRAIN_driveops/luxonis_ws/build/traffic_sign/build/lib/traffic_sign
[3.526s] running install
[3.539s] running install_lib
[3.592s] copying /home/michele-zarantonello/BFMC/BRAIN_driveops/luxonis_ws/build/traffic_sign/build/lib/traffic_sign/traffic_sign_node.py -> /home/michele-zarantonello/BFMC/BRAIN_driveops/luxonis_ws/install/traffic_sign/lib/python3.12/site-packages/traffic_sign
[3.593s] byte-compiling /home/michele-zarantonello/BFMC/BRAIN_driveops/luxonis_ws/install/traffic_sign/lib/python3.12/site-packages/traffic_sign/traffic_sign_node.py to traffic_sign_node.cpython-312.pyc
[3.607s] running install_data
[3.608s] running install_egg_info
[3.664s] removing '/home/michele-zarantonello/BFMC/BRAIN_driveops/luxonis_ws/install/traffic_sign/lib/python3.12/site-packages/traffic_sign-0.0.0-py3.12.egg-info' (and everything under it)
[3.665s] Copying ../../build/traffic_sign/traffic_sign.egg-info to /home/michele-zarantonello/BFMC/BRAIN_driveops/luxonis_ws/install/traffic_sign/lib/python3.12/site-packages/traffic_sign-0.0.0-py3.12.egg-info
[3.667s] running install_scripts
[3.994s] Installing traffic_sign_node script to /home/michele-zarantonello/BFMC/BRAIN_driveops/luxonis_ws/install/traffic_sign/lib/traffic_sign
[3.994s] writing list of installed files to '/home/michele-zarantonello/BFMC/BRAIN_driveops/luxonis_ws/build/traffic_sign/install.log'
[4.068s] Invoked command in '/home/michele-zarantonello/BFMC/BRAIN_driveops/luxonis_ws/src/traffic_sign' returned '0': DEBUGINFOD_URLS=https://debuginfod.ubuntu.com PYTHONPATH=/home/michele-zarantonello/BFMC/BRAIN_driveops/luxonis_ws/build/traffic_sign/prefix_override:/usr/lib/python3/dist-packages/colcon_core/task/python/colcon_distutils_commands:/home/michele-zarantonello/BFMC/BRAIN_driveops/luxonis_ws/install/traffic_sign/lib/python3.12/site-packages:${PYTHONPATH} VIRTUAL_ENV_PROMPT=(BFMC) /usr/bin/python3 -W ignore:setup.py install is deprecated -W ignore:easy_install command is deprecated setup.py egg_info --egg-base ../../build/traffic_sign build --build-base /home/michele-zarantonello/BFMC/BRAIN_driveops/luxonis_ws/build/traffic_sign/build install --record /home/michele-zarantonello/BFMC/BRAIN_driveops/luxonis_ws/build/traffic_sign/install.log --single-version-externally-managed install_data
