[2.733s] Invoking command in '/home/michele-zarantonello/BFMC/BRAIN_driveops/luxonis_ws/src/camera_preprocessing': DEBUGINFOD_URLS=https://debuginfod.ubuntu.com PYTHONPATH=/home/michele-zarantonello/BFMC/BRAIN_driveops/luxonis_ws/build/camera_preprocessing/prefix_override:/usr/lib/python3/dist-packages/colcon_core/task/python/colcon_distutils_commands:/home/michele-zarantonello/BFMC/BRAIN_driveops/luxonis_ws/install/camera_preprocessing/lib/python3.12/site-packages:${PYTHONPATH} VIRTUAL_ENV_PROMPT=(BFMC) /usr/bin/python3 -W ignore:setup.py install is deprecated -W ignore:easy_install command is deprecated setup.py egg_info --egg-base ../../build/camera_preprocessing build --build-base /home/michele-zarantonello/BFMC/BRAIN_driveops/luxonis_ws/build/camera_preprocessing/build install --record /home/michele-zarantonello/BFMC/BRAIN_driveops/luxonis_ws/build/camera_preprocessing/install.log --single-version-externally-managed install_data
[3.384s] running egg_info
[3.439s] writing ../../build/camera_preprocessing/camera_preprocessing.egg-info/PKG-INFO
[3.439s] writing dependency_links to ../../build/camera_preprocessing/camera_preprocessing.egg-info/dependency_links.txt
[3.440s] writing entry points to ../../build/camera_preprocessing/camera_preprocessing.egg-info/entry_points.txt
[3.440s] writing requirements to ../../build/camera_preprocessing/camera_preprocessing.egg-info/requires.txt
[3.440s] writing top-level names to ../../build/camera_preprocessing/camera_preprocessing.egg-info/top_level.txt
[3.552s] reading manifest file '../../build/camera_preprocessing/camera_preprocessing.egg-info/SOURCES.txt'
[3.554s] writing manifest file '../../build/camera_preprocessing/camera_preprocessing.egg-info/SOURCES.txt'
[3.554s] running build
[3.554s] running build_py
[3.555s] running install
[3.570s] running install_lib
[3.627s] running install_data
[3.628s] running install_egg_info
[3.684s] removing '/home/michele-zarantonello/BFMC/BRAIN_driveops/luxonis_ws/install/camera_preprocessing/lib/python3.12/site-packages/camera_preprocessing-0.0.0-py3.12.egg-info' (and everything under it)
[3.685s] Copying ../../build/camera_preprocessing/camera_preprocessing.egg-info to /home/michele-zarantonello/BFMC/BRAIN_driveops/luxonis_ws/install/camera_preprocessing/lib/python3.12/site-packages/camera_preprocessing-0.0.0-py3.12.egg-info
[3.687s] running install_scripts
[4.015s] Installing lane_inference_node script to /home/michele-zarantonello/BFMC/BRAIN_driveops/luxonis_ws/install/camera_preprocessing/lib/camera_preprocessing
[4.016s] writing list of installed files to '/home/michele-zarantonello/BFMC/BRAIN_driveops/luxonis_ws/build/camera_preprocessing/install.log'
[4.114s] Invoked command in '/home/michele-zarantonello/BFMC/BRAIN_driveops/luxonis_ws/src/camera_preprocessing' returned '0': DEBUGINFOD_URLS=https://debuginfod.ubuntu.com PYTHONPATH=/home/michele-zarantonello/BFMC/BRAIN_driveops/luxonis_ws/build/camera_preprocessing/prefix_override:/usr/lib/python3/dist-packages/colcon_core/task/python/colcon_distutils_commands:/home/michele-zarantonello/BFMC/BRAIN_driveops/luxonis_ws/install/camera_preprocessing/lib/python3.12/site-packages:${PYTHONPATH} VIRTUAL_ENV_PROMPT=(BFMC) /usr/bin/python3 -W ignore:setup.py install is deprecated -W ignore:easy_install command is deprecated setup.py egg_info --egg-base ../../build/camera_preprocessing build --build-base /home/michele-zarantonello/BFMC/BRAIN_driveops/luxonis_ws/build/camera_preprocessing/build install --record /home/michele-zarantonello/BFMC/BRAIN_driveops/luxonis_ws/build/camera_preprocessing/install.log --single-version-externally-managed install_data
